// Jest Snapshot v1, https://goo.gl/fbAQLP

exports[`<Counter/> renders correctly 1`] = `
<section
  className="counter"
>
  <a
    className="down"
    href="#"
    onClick={[Function]}
  >
    -
  </a>
  <span
    className="count "
  >
    0
  </span>
  <a
    className="up"
    href="#"
    onClick={[Function]}
  >
    +
  </a>
</section>
`;
